%1 = OpFunction  %2  None %3
%4 = OpLabel
OpLine %5 37 8
%6 = OpDPdx  %7  %8
OpLine %5 79 8
%9 = OpDPdy  %7  %8
OpLine %5 119 8
%10 = OpFwidth  %7  %8
OpNoLine
OpReturn
OpFunctionEnd
