warning: the feature `ptr_internals` is internal to the compiler or standard library
   --> $DIR/allocate_const_scalar.rs:
    |
    | #![feature(ptr_internals)]
    |            ^^^^^^^^^^^^^
    |
    = note: using it is strongly discouraged
    = note: `#[warn(internal_features)]` on by default

error: pointer has non-null integer address
    |
note: used from within `allocate_const_scalar::main`
   --> $DIR/allocate_const_scalar.rs:
    |
    |     *output = POINTER;
    |     ^^^^^^^^^^^^^^^^^
note: called by `main`
   --> $DIR/allocate_const_scalar.rs:
    |
    | pub fn main(output: &mut Unique<()>) {
    |        ^^^^

error: aborting due to 1 previous error; 1 warning emitted

