error[E0277]: the trait bound `Image<f32, 4, 2, 0, 0, 1, 0, 4>: HasQuerySizeLod` is not satisfied
    --> $DIR/sampled_image_rect_query_size_lod_err.rs:19:28
     |
19   |     *output = rect_sampled.query_size_lod(0);
     |                            ^^^^^^^^^^^^^^ the trait `HasQuerySizeLod` is not implemented for `Image<f32, 4, 2, 0, 0, 1, 0, 4>`
     |
     = help: the following other types implement trait `HasQuerySizeLod`:
               Image<SampledType, 0, DEPTH, ARRAYED, 0, SAMPLED, FORMAT, COMPONENTS>
               Image<SampledType, 1, DEPTH, ARRAYED, 0, SAMPLED, FORMAT, COMPONENTS>
               Image<SampledType, 2, DEPTH, ARRAYED, 0, SAMPLED, FORMAT, COMPONENTS>
               Image<SampledType, 3, DEPTH, ARRAYED, 0, SAMPLED, FORMAT, COMPONENTS>
note: required by a bound in `SampledImage::<Image<SampledType, DIM, DEPTH, ARRAYED, spirv_std::::image::{impl#9}::{constant#0}, SAMPLED, FORMAT, COMPONENTS>>::query_size_lod`
    --> /image.rs:1138:12
     |
1124 |     pub fn query_size_lod<Size: ImageSizeQuery<u32, DIM, ARRAYED> + Default>(
     |            -------------- required by a bound in this associated function
...
1138 |         >: HasQuerySizeLod,
     |            ^^^^^^^^^^^^^^^ required by this bound in `SampledImage::<Image<SampledType, DIM, DEPTH, ARRAYED, spirv_std::::image::{impl#9}::{constant#0}, SAMPLED, FORMAT, COMPONENTS>>::query_size_lod`

error: aborting due to 1 previous error

For more information about this error, try `rustc --explain E0277`.
