%1 = OpFunction  %2  None %3
%4 = OpFunctionParameter  %2
%5 = OpFunctionParameter  %6
%7 = OpLabel
%9 = OpCompositeExtract  %10  %4 0
%12 = OpGroupNonUniformShuffle  %10  %13 %9 %5
%14 = OpCompositeExtract  %15  %4 1
%16 = OpGroupNonUniformShuffle  %15  %13 %14 %5
%17 = OpCompositeExtract  %18  %4 2
%19 = OpGroupNonUniformShuffle  %18  %13 %17 %5
%20 = OpCompositeInsert  %2  %12 %21 0
%22 = OpCompositeInsert  %2  %16 %20 1
%23 = OpCompositeInsert  %2  %19 %22 2
OpNoLine
OpReturnValue %23
OpFunctionEnd
