%1 = OpFunction  %2  None %3
%4 = OpFunctionParameter  %2
%5 = OpLabel
%7 = OpGroupNonUniformBroadcast  %2  %8 %4 %9
OpNoLine
OpReturnValue %7
OpFunctionEnd
