%1 = OpFunction  %2  None %3
%4 = OpFunctionParameter  %2
%5 = OpFunctionParameter  %6
%7 = OpLabel
%9 = OpGroupNonUniformBroadcast  %2  %10 %4 %5
OpNoLine
OpReturnValue %9
OpFunctionEnd
