%1 = OpFunction  %2  None %3
%4 = OpFunctionParameter  %5
%6 = OpLabel
%8 = OpCompositeExtract  %9  %4 0
%11 = OpGroupNonUniformAllEqual  %2  %12 %8
%13 = OpLogicalAnd  %2  %14 %11
%15 = OpCompositeExtract  %16  %4 1
%17 = OpGroupNonUniformAllEqual  %2  %12 %15
%18 = OpLogicalAnd  %2  %13 %17
%19 = OpCompositeExtract  %20  %4 2
%21 = OpGroupNonUniformAllEqual  %2  %12 %19
%22 = OpLogicalAnd  %2  %18 %21
OpNoLine
OpReturnValue %22
OpFunctionEnd
