warning: [Rust-GPU] temporarily re-allowing old-style `#[repr(simd)]` (with fields)
  --> $DIR/all.rs:16:1
   |
16 | struct Vec2<T>(T, T);
   | ^^^^^^^^^^^^^^
   |
   = note: removed upstream by https://github.com/rust-lang/rust/pull/129403
   = note: in favor of the new `#[repr(simd)] struct TxN([T; N]);` style
   = note: (taking effect since `nightly-2024-09-12` / `1.83.0` stable)

warning: 1 warning emitted

