%1 = OpFunction  %2  None %3
%4 = OpLabel
OpLine %5 50 8
%6 = OpDPdxFine  %7  %8
OpLine %5 92 8
%9 = OpDPdyFine  %7  %8
OpLine %5 131 8
%10 = OpFwidthFine  %7  %8
OpLine %5 65 8
%11 = OpDPdxCoarse  %7  %8
OpLine %5 107 8
%12 = OpDPdyCoarse  %7  %8
OpLine %5 143 8
%13 = OpFwidthCoarse  %7  %8
OpNoLine
OpReturn
OpFunctionEnd
