OpCapability Shader
OpCapability Float64
OpCapability Int64
OpCapability Int16
OpCapability Int8
OpCapability ShaderClockKHR
OpCapability VulkanMemoryModel
OpExtension "SPV_KHR_shader_clock"
OpExtension "SPV_KHR_vulkan_memory_model"
OpMemoryModel Logical Vulkan
OpEntryPoint GLCompute %1 "main"
OpExecutionMode %1 LocalSize 1 1 1
%2 = OpString "$OPSTRING_FILENAME/storage_buffer_arrays_kept.rs"
OpDecorate %4 ArrayStride 4
OpDecorate %5 Block
OpMemberDecorate %5 0 Offset 0
OpDecorate %3 Binding 0
OpDecorate %3 DescriptorSet 0
%6 = OpTypeVoid
%7 = OpTypeFunction %6
%8 = OpTypeInt 32 0
%9 = OpConstant  %8  256
%4 = OpTypeArray %8 %9
%10 = OpTypePointer StorageBuffer %4
%5 = OpTypeStruct %4
%11 = OpTypePointer StorageBuffer %5
%3 = OpVariable  %11  StorageBuffer
%12 = OpConstant  %8  0
%13 = OpTypeBool
%14 = OpTypePointer StorageBuffer %8
%15 = OpConstant  %8  42
