OpCapability Shader
OpCapability Float64
OpCapability Int64
OpCapability Int16
OpCapability Int8
OpCapability ShaderClockKHR
OpCapability VulkanMemoryModel
OpExtension "SPV_KHR_shader_clock"
OpExtension "SPV_KHR_vulkan_memory_model"
OpMemoryModel Logical Vulkan
OpEntryPoint GLCompute %1 "transpose_2d_workgroup" %2
OpExecutionMode %1 LocalSize 32 32 1
%3 = OpString "$OPSTRING_FILENAME/workgroup_2d_arrays_issue.rs"
OpName %4 "shared_real"
OpName %5 "shared_imag"
OpDecorate %2 BuiltIn LocalInvocationId
%6 = OpTypeInt 32 0
%7 = OpTypeVector %6 3
%8 = OpTypePointer Input %7
%9 = OpTypeVoid
%10 = OpTypeFunction %9
%2 = OpVariable  %8  Input
%11 = OpTypeBool
%12 = OpConstant  %6  32
%13 = OpTypeFloat 32
%14 = OpTypeArray %13 %12
%15 = OpTypePointer Workgroup %14
%16 = OpTypeArray %14 %12
%17 = OpTypePointer Workgroup %16
%4 = OpVariable  %17  Workgroup
%18 = OpTypePointer Workgroup %13
%19 = OpConstant  %13  1065353216
%5 = OpVariable  %17  Workgroup
%20 = OpConstant  %13  1073741824
