OpCapability Shader
OpCapability Float64
OpCapability Int64
OpCapability Int16
OpCapability Int8
OpCapability WorkgroupMemoryExplicitLayoutKHR
OpCapability ShaderClockKHR
OpCapability VulkanMemoryModel
OpExtension "SPV_KHR_shader_clock"
OpExtension "SPV_KHR_workgroup_memory_explicit_layout"
OpMemoryModel Logical Vulkan
OpEntryPoint GLCompute %1 "main" %2 %3
OpExecutionMode %1 LocalSize 64 1 1
%4 = OpString "$OPSTRING_FILENAME/workgroup_arrays_with_capability.rs"
OpName %3 "shared_data"
OpDecorate %5 ArrayStride 4
OpDecorate %6 Block
OpMemberDecorate %6 0 Offset 0
OpDecorate %7 ArrayStride 4
OpDecorate %2 Binding 0
OpDecorate %2 DescriptorSet 0
%8 = OpTypeInt 32 0
%9 = OpConstant  %8  1
%5 = OpTypeArray %8 %9
%6 = OpTypeStruct %5
%10 = OpTypePointer StorageBuffer %6
%11 = OpConstant  %8  256
%7 = OpTypeArray %8 %11
%12 = OpTypePointer Workgroup %7
%13 = OpTypeVoid
%14 = OpTypeFunction %13
%15 = OpTypePointer StorageBuffer %5
%2 = OpVariable  %10  StorageBuffer
%16 = OpConstant  %8  0
%17 = OpTypeBool
%18 = OpTypePointer Workgroup %8
%3 = OpVariable  %12  Workgroup
%19 = OpConstant  %8  42
%20 = OpTypePointer StorageBuffer %8
