warning: black_box intrinsic does not prevent optimization in Rust GPU

%1 = OpFunction  %2  None %3
%4 = OpLabel
OpLine %5 34 17
%6 = OpIAdd  %7  %8 %9
OpLine %5 40 5
%10 = OpBitcast  %7  %11
OpLine %12 1092 17
%13 = OpBitcast  %7  %14
OpLine %5 40 4
%15 = OpCompositeConstruct  %2  %10 %13 %16 %17 %18 %19 %6 %20
OpNoLine
OpReturnValue %15
OpFunctionEnd
warning: 1 warning emitted

