; SPIR-V
; Version: 1.5
; Generator: rspirv
; Bound: 39
OpCapability Shader
OpCapability GroupNonUniform
OpCapability GroupNonUniformShuffleRelative
OpCapability VulkanMemoryModel
OpExtension "SPV_KHR_vulkan_memory_model"
OpMemoryModel Logical Vulkan
OpEntryPoint GLCompute %1 "main" %2 %3
OpExecutionMode %1 LocalSize 32 1 1
OpName %2 "input"
OpName %3 "output"
OpDecorate %6 Block
OpMemberDecorate %6 0 Offset 0
OpDecorate %7 Block
OpMemberDecorate %7 0 Offset 0
OpDecorate %2 NonWritable
OpDecorate %2 Binding 0
OpDecorate %2 DescriptorSet 0
OpDecorate %3 Binding 1
OpDecorate %3 DescriptorSet 0
%8 = OpTypeInt 32 1
%9 = OpTypeVector %8 3
%6 = OpTypeStruct %9
%10 = OpTypePointer StorageBuffer %6
%11 = OpTypeFloat 32
%12 = OpTypeVector %11 3
%7 = OpTypeStruct %12
%13 = OpTypePointer StorageBuffer %7
%14 = OpTypeVoid
%15 = OpTypeFunction %14
%16 = OpTypePointer StorageBuffer %9
%2 = OpVariable  %10  StorageBuffer
%17 = OpTypeInt 32 0
%18 = OpConstant  %17  0
%19 = OpTypePointer StorageBuffer %12
%3 = OpVariable  %13  StorageBuffer
%20 = OpTypePointer StorageBuffer %8
%21 = OpConstant  %17  1
%22 = OpConstant  %17  2
%23 = OpConstant  %17  3
%24 = OpConstant  %17  5
%1 = OpFunction  %14  None %15
%25 = OpLabel
%26 = OpInBoundsAccessChain  %16  %2 %18
%27 = OpInBoundsAccessChain  %19  %3 %18
%28 = OpInBoundsAccessChain  %20  %26 %18
%29 = OpLoad  %8  %28
%30 = OpConvertSToF  %11  %29
%31 = OpInBoundsAccessChain  %20  %26 %21
%32 = OpLoad  %8  %31
%33 = OpConvertSToF  %11  %32
%34 = OpInBoundsAccessChain  %20  %26 %22
%35 = OpLoad  %8  %34
%36 = OpConvertSToF  %11  %35
%37 = OpCompositeConstruct  %12  %30 %33 %36
%38 = OpGroupNonUniformShuffleUp  %12  %23 %37 %24
OpStore %27 %38
OpNoLine
OpReturn
OpFunctionEnd
