OpCapability Shader
OpCapability ShaderClockKHR
OpExtension "SPV_KHR_shader_clock"
OpMemoryModel Logical Simple
OpEntryPoint Fragment %1 "main" %2
OpExecutionMode %1 OriginUpperLeft
%3 = OpString "$OPSTRING_FILENAME/const-int-cast.rs"
OpName %2 "output"
OpDecorate %2 Location 0
%4 = OpTypeInt 32 0
%5 = OpTypePointer Output %4
%6 = OpTypeVoid
%7 = OpTypeFunction %6
%2 = OpVariable  %5  Output
%8 = OpConstant  %4  40
