OpCapability Shader
OpCapability Float64
OpMemoryModel Logical Simple
OpEntryPoint Fragment %1 "main" %2
OpExecutionMode %1 OriginUpperLeft
%3 = OpString "$DIR/const-float-cast.rs"
OpName %2 "output"
OpDecorate %2 Location 0
%4 = OpTypeFloat 32
%5 = OpTypePointer Output %4
%6 = OpTypeVoid
%7 = OpTypeFunction %6
%8 = OpTypeFloat 64
%9 = OpConstant  %8  4638387860618067575
%2 = OpVariable  %5  Output
%10 = OpConstant  %8  4626463454704697344
%11 = OpConstant  %4  1065353216
%12 = OpConstant  %4  1101266944
%13 = OpTypeInt 32 0
%14 = OpConstant  %13  42
