%1 = OpFunction  %2  None %3
%4 = OpLabel
OpLine %5 13 12
%6 = OpLoad  %7  %8
%9 = OpCompositeExtract  %10  %6 0
%11 = OpCompositeExtract  %10  %6 1
%12 = OpCompositeConstruct  %13  %9 %11
OpLine %5 14 4
%14 = OpCompositeExtract  %10  %12 0
%15 = OpFAdd  %10  %14 %16
%17 = OpCompositeInsert  %13  %15 %12 0
OpLine %5 15 4
%18 = OpCompositeExtract  %10  %17 0
%19 = OpCompositeExtract  %10  %17 1
%20 = OpCompositeConstruct  %7  %18 %19
OpStore %21 %20
OpNoLine
OpReturn
OpFunctionEnd
