OpCapability Shader
OpCapability Float64
OpCapability Int64
OpCapability Int16
OpCapability Int8
OpCapability ShaderClockKHR
OpExtension "SPV_KHR_non_semantic_info"
OpExtension "SPV_KHR_shader_clock"
%1 = OpExtInstImport "NonSemantic.DebugPrintf"
OpMemoryModel Logical Simple
OpEntryPoint Fragment %2 "main"
OpExecutionMode %2 OriginUpperLeft
%3 = OpString "/n[Rust panicked at $DIR/panic_builtin_bounds_check.rs:25:5]/n index out of bounds: the len is %u but the index is %u/n      in main()/n"
%4 = OpString "$DIR/panic_builtin_bounds_check.rs"
%5 = OpTypeVoid
%6 = OpTypeFunction %5
%7 = OpTypeBool
%8 = OpTypeInt 32 0
%9 = OpConstant  %8  5
%10 = OpConstant  %8  4
%11 = OpUndef  %8
%2 = OpFunction  %5  None %6
%12 = OpLabel
OpLine %4 25 4
%13 = OpULessThan  %7  %9 %10
OpNoLine
OpSelectionMerge %14 None
OpBranchConditional %13 %15 %16
%15 = OpLabel
OpBranch %14
%16 = OpLabel
OpLine %4 25 4
%17 = OpExtInst  %5  %1 1 %3 %11 %9
OpNoLine
OpReturn
%14 = OpLabel
OpReturn
OpFunctionEnd
