OpCapability Shader
OpExtension "SPV_KHR_non_semantic_info"
%1 = OpExtInstImport "NonSemantic.DebugPrintf"
OpMemoryModel Logical Simple
OpEntryPoint Fragment %2 "main" %3 %4 %5
OpExecutionMode %2 OriginUpperLeft
%6 = OpString "/n[Rust panicked at $SYSROOT/lib/rustlib/src/rust/library/core/src/panicking.rs:187:5]/n attempt to divide by zero/n      in main()/n"
%7 = OpString $SYSROOT/lib/rustlib/src/rust/library/core/src/panicking.rs"
%8 = OpString "$DIR/panic_sequential_many.rs"
OpName %3 "x"
OpName %4 "y"
OpName %5 "o"
OpDecorate %3 Flat
OpDecorate %3 Location 0
OpDecorate %4 Flat
OpDecorate %4 Location 1
OpDecorate %5 Location 0
%9 = OpTypeInt 32 0
%10 = OpTypePointer Input %9
%11 = OpTypePointer Output %9
%12 = OpTypeVoid
%13 = OpTypeFunction %12
%3 = OpVariable  %10  Input
%4 = OpVariable  %10  Input
%14 = OpTypeBool
%15 = OpConstant  %9  0
%5 = OpVariable  %11  Output
%2 = OpFunction  %12  None %13
%16 = OpLabel
OpLine %8 28 12
%17 = OpLoad  %9  %3
OpLine %8 28 35
%18 = OpLoad  %9  %4
OpLine %8 31 9
%19 = OpIEqual  %14  %18 %15
OpNoLine
OpSelectionMerge %20 None
OpBranchConditional %19 %21 %22
%21 = OpLabel
OpLine %7 187 4
%23 = OpExtInst  %12  %1 1 %6
OpNoLine
OpReturn
%22 = OpLabel
OpBranch %20
%20 = OpLabel
OpLine %8 31 9
%24 = OpUDiv  %9  %17 %18
%25 = OpIEqual  %14  %18 %15
OpNoLine
OpSelectionMerge %26 None
OpBranchConditional %25 %27 %28
%27 = OpLabel
OpLine %7 187 4
%29 = OpExtInst  %12  %1 1 %6
OpNoLine
OpReturn
%28 = OpLabel
OpBranch %26
%26 = OpLabel
OpLine %8 31 9
%30 = OpUDiv  %9  %24 %18
%31 = OpIEqual  %14  %18 %15
OpNoLine
OpSelectionMerge %32 None
OpBranchConditional %31 %33 %34
%33 = OpLabel
OpLine %7 187 4
%35 = OpExtInst  %12  %1 1 %6
OpNoLine
OpReturn
%34 = OpLabel
OpBranch %32
%32 = OpLabel
OpLine %8 31 9
%36 = OpUDiv  %9  %30 %18
%37 = OpIEqual  %14  %18 %15
OpNoLine
OpSelectionMerge %38 None
OpBranchConditional %37 %39 %40
%39 = OpLabel
OpLine %7 187 4
%41 = OpExtInst  %12  %1 1 %6
OpNoLine
OpReturn
%40 = OpLabel
OpBranch %38
%38 = OpLabel
OpLine %8 31 9
%42 = OpUDiv  %9  %36 %18
%43 = OpIEqual  %14  %18 %15
OpNoLine
OpSelectionMerge %44 None
OpBranchConditional %43 %45 %46
%45 = OpLabel
OpLine %7 187 4
%47 = OpExtInst  %12  %1 1 %6
OpNoLine
OpReturn
%46 = OpLabel
OpBranch %44
%44 = OpLabel
OpLine %8 31 9
%48 = OpUDiv  %9  %42 %18
%49 = OpIEqual  %14  %18 %15
OpNoLine
OpSelectionMerge %50 None
OpBranchConditional %49 %51 %52
%51 = OpLabel
OpLine %7 187 4
%53 = OpExtInst  %12  %1 1 %6
OpNoLine
OpReturn
%52 = OpLabel
OpBranch %50
%50 = OpLabel
OpLine %8 31 9
%54 = OpUDiv  %9  %48 %18
%55 = OpIEqual  %14  %18 %15
OpNoLine
OpSelectionMerge %56 None
OpBranchConditional %55 %57 %58
%57 = OpLabel
OpLine %7 187 4
%59 = OpExtInst  %12  %1 1 %6
OpNoLine
OpReturn
%58 = OpLabel
OpBranch %56
%56 = OpLabel
OpLine %8 31 9
%60 = OpUDiv  %9  %54 %18
%61 = OpIEqual  %14  %18 %15
OpNoLine
OpSelectionMerge %62 None
OpBranchConditional %61 %63 %64
%63 = OpLabel
OpLine %7 187 4
%65 = OpExtInst  %12  %1 1 %6
OpNoLine
OpReturn
%64 = OpLabel
OpBranch %62
%62 = OpLabel
OpLine %8 31 9
%66 = OpUDiv  %9  %60 %18
%67 = OpIEqual  %14  %18 %15
OpNoLine
OpSelectionMerge %68 None
OpBranchConditional %67 %69 %70
%69 = OpLabel
OpLine %7 187 4
%71 = OpExtInst  %12  %1 1 %6
OpNoLine
OpReturn
%70 = OpLabel
OpBranch %68
%68 = OpLabel
OpLine %8 31 9
%72 = OpUDiv  %9  %66 %18
%73 = OpIEqual  %14  %18 %15
OpNoLine
OpSelectionMerge %74 None
OpBranchConditional %73 %75 %76
%75 = OpLabel
OpLine %7 187 4
%77 = OpExtInst  %12  %1 1 %6
OpNoLine
OpReturn
%76 = OpLabel
OpBranch %74
%74 = OpLabel
OpLine %8 31 9
%78 = OpUDiv  %9  %72 %18
%79 = OpIEqual  %14  %18 %15
OpNoLine
OpSelectionMerge %80 None
OpBranchConditional %79 %81 %82
%81 = OpLabel
OpLine %7 187 4
%83 = OpExtInst  %12  %1 1 %6
OpNoLine
OpReturn
%82 = OpLabel
OpBranch %80
%80 = OpLabel
OpLine %8 31 9
%84 = OpUDiv  %9  %78 %18
%85 = OpIEqual  %14  %18 %15
OpNoLine
OpSelectionMerge %86 None
OpBranchConditional %85 %87 %88
%87 = OpLabel
OpLine %7 187 4
%89 = OpExtInst  %12  %1 1 %6
OpNoLine
OpReturn
%88 = OpLabel
OpBranch %86
%86 = OpLabel
OpLine %8 31 9
%90 = OpUDiv  %9  %84 %18
%91 = OpIEqual  %14  %18 %15
OpNoLine
OpSelectionMerge %92 None
OpBranchConditional %91 %93 %94
%93 = OpLabel
OpLine %7 187 4
%95 = OpExtInst  %12  %1 1 %6
OpNoLine
OpReturn
%94 = OpLabel
OpBranch %92
%92 = OpLabel
OpLine %8 31 9
%96 = OpUDiv  %9  %90 %18
%97 = OpIEqual  %14  %18 %15
OpNoLine
OpSelectionMerge %98 None
OpBranchConditional %97 %99 %100
%99 = OpLabel
OpLine %7 187 4
%101 = OpExtInst  %12  %1 1 %6
OpNoLine
OpReturn
%100 = OpLabel
OpBranch %98
%98 = OpLabel
OpLine %8 31 9
%102 = OpUDiv  %9  %96 %18
%103 = OpIEqual  %14  %18 %15
OpNoLine
OpSelectionMerge %104 None
OpBranchConditional %103 %105 %106
%105 = OpLabel
OpLine %7 187 4
%107 = OpExtInst  %12  %1 1 %6
OpNoLine
OpReturn
%106 = OpLabel
OpBranch %104
%104 = OpLabel
OpLine %8 31 9
%108 = OpUDiv  %9  %102 %18
%109 = OpIEqual  %14  %18 %15
OpNoLine
OpSelectionMerge %110 None
OpBranchConditional %109 %111 %112
%111 = OpLabel
OpLine %7 187 4
%113 = OpExtInst  %12  %1 1 %6
OpNoLine
OpReturn
%112 = OpLabel
OpBranch %110
%110 = OpLabel
OpLine %8 31 9
%114 = OpUDiv  %9  %108 %18
%115 = OpIEqual  %14  %18 %15
OpNoLine
OpSelectionMerge %116 None
OpBranchConditional %115 %117 %118
%117 = OpLabel
OpLine %7 187 4
%119 = OpExtInst  %12  %1 1 %6
OpNoLine
OpReturn
%118 = OpLabel
OpBranch %116
%116 = OpLabel
OpLine %8 31 4
%120 = OpUDiv  %9  %114 %18
OpStore %5 %120
OpNoLine
OpReturn
OpFunctionEnd
