OpCapability Shader
OpCapability Float64
OpCapability Int64
OpCapability Int16
OpCapability Int8
OpMemoryModel Logical Simple
OpEntryPoint Fragment %1 "main" %2 %3 %4 %5 %6 %7 %8 %9 %10 %11 %12
OpExecutionMode %1 OriginUpperLeft
%13 = OpString "$DIR/scalars.rs"
OpName %3 "in_u8"
OpName %4 "in_u16"
OpName %5 "in_u32"
OpName %6 "in_u64"
OpName %7 "in_i8"
OpName %8 "in_i16"
OpName %9 "in_i32"
OpName %10 "in_i64"
OpName %11 "in_f32"
OpName %12 "in_f64"
OpName %2 "out"
OpDecorate %3 Flat
OpDecorate %3 Location 0
OpDecorate %4 Flat
OpDecorate %4 Location 1
OpDecorate %5 Flat
OpDecorate %5 Location 2
OpDecorate %6 Flat
OpDecorate %6 Location 3
OpDecorate %7 Flat
OpDecorate %7 Location 4
OpDecorate %8 Flat
OpDecorate %8 Location 5
OpDecorate %9 Flat
OpDecorate %9 Location 6
OpDecorate %10 Flat
OpDecorate %10 Location 7
OpDecorate %11 Location 8
OpDecorate %12 Flat
OpDecorate %12 Location 9
OpDecorate %2 Location 0
%14 = OpTypeInt 32 0
%15 = OpTypePointer Output %14
%16 = OpTypeInt 8 0
%17 = OpTypePointer Input %16
%18 = OpTypeInt 16 0
%19 = OpTypePointer Input %18
%20 = OpTypePointer Input %14
%21 = OpTypeInt 64 0
%22 = OpTypePointer Input %21
%23 = OpTypeInt 8 1
%24 = OpTypePointer Input %23
%25 = OpTypeInt 16 1
%26 = OpTypePointer Input %25
%27 = OpTypeInt 32 1
%28 = OpTypePointer Input %27
%29 = OpTypeInt 64 1
%30 = OpTypePointer Input %29
%31 = OpTypeFloat 32
%32 = OpTypePointer Input %31
%33 = OpTypeFloat 64
%34 = OpTypePointer Input %33
%35 = OpTypeVoid
%36 = OpTypeFunction %35
%3 = OpVariable  %17  Input
%4 = OpVariable  %19  Input
%5 = OpVariable  %20  Input
%6 = OpVariable  %22  Input
%7 = OpVariable  %24  Input
%8 = OpVariable  %26  Input
%9 = OpVariable  %28  Input
%10 = OpVariable  %30  Input
%11 = OpVariable  %32  Input
%12 = OpVariable  %34  Input
%37 = OpConstant  %16  8
%2 = OpVariable  %15  Output
%38 = OpConstant  %18  16
%39 = OpConstant  %14  32
%40 = OpConstant  %21  64
%41 = OpConstant  %23  4294967288
%42 = OpConstant  %25  4294967280
%43 = OpConstant  %27  4294967264
%44 = OpConstant  %29  18446744073709551552
%45 = OpConstant  %31  1107296256
%46 = OpConstant  %14  0
%47 = OpConstant  %14  1333788671
%48 = OpTypeBool
%49 = OpConstant  %14  4294967295
%50 = OpConstant  %33  4634204016564240384
%51 = OpConstant  %21  0
%52 = OpConstant  %21  4751297606873776128
