OpCapability Shader
OpCapability Float64
OpCapability Int64
OpCapability Int16
OpCapability Int8
OpCapability ShaderClockKHR
OpExtension "SPV_KHR_shader_clock"
OpMemoryModel Logical Simple
OpEntryPoint GLCompute %1 "main" %2
OpExecutionMode %1 LocalSize 8 4 2
%3 = OpString "$OPSTRING_FILENAME/workgroup-size.rs"
OpName %2 "local_id"
OpName %4 "size"
OpName %5 "workgroup_size::main"
OpDecorate %2 BuiltIn LocalInvocationId
OpDecorate %4 BuiltIn WorkgroupSize
%6 = OpTypeInt 32 0
%7 = OpTypeVector %6 3
%8 = OpTypePointer Input %7
%9 = OpTypeVoid
%10 = OpTypeFunction %9
%2 = OpVariable  %8  Input
%11 = OpTypeFunction %9 %7 %7
%12 = OpConstant  %6  8
%13 = OpConstant  %6  4
%14 = OpConstant  %6  2
%4 = OpConstantComposite  %7  %12 %13 %14
