warning: `#[inline(never)]` function `nested_ref::deep_load` has been inlined
  --> $DIR/nested-ref.rs:12:4
   |
12 | fn deep_load(r: &'static &'static u32) -> u32 {
   |    ^^^^^^^^^
   |
   = note: inlining was required due to illegal parameter type
   = note: called from `nested_ref::main`

warning: `#[inline(never)]` function `nested_ref::deep_transpose` has been inlined
  --> $DIR/nested-ref.rs:19:4
   |
19 | fn deep_transpose(r: &'static &'static Mat2) -> Mat2 {
   |    ^^^^^^^^^^^^^^
   |
   = note: inlining was required due to illegal parameter type
   = note: called from `nested_ref::main`

warning: 2 warnings emitted

