warning: `#[inline(never)]` function `member_ref_arg::f` has been inlined
  --> $DIR/member_ref_arg.rs:14:4
   |
14 | fn f(x: &u32) {}
   |    ^
   |
   = note: inlining was required due to illegal (pointer) argument
   = note: called from `member_ref_arg::main`

warning: `#[inline(never)]` function `member_ref_arg::g` has been inlined
  --> $DIR/member_ref_arg.rs:17:4
   |
17 | fn g(xy: (&u32, &u32)) {}
   |    ^
   |
   = note: inlining was required due to illegal (pointer) argument
   = note: called from `member_ref_arg::main`

warning: 2 warnings emitted

